// Jest Snapshot v1, https://goo.gl/fbAQLP

exports[`Renders correctly 1`] = `
<div
  className="BarChart"
  style={
    Object {
      "height": "300px",
      "width": "100%",
    }
  }
>
  <h5>
    AVANCE DE OKR POR SEMANA
  </h5>
  <canvas
    data-testid="canvas"
    height={150}
    onClick={[Function]}
    role="img"
    width={300}
  />
</div>
`;
